Loading environment: development
Loaded environment from C:\Users\sarip\Downloads\fastapi-langgraph-agent-production-ready-template-master\fastapi-langgraph-agent-production-ready-template-master\.env
[2m2026-02-15T07:17:10.318959Z[0m [[32m[1minfo     [0m] [1mlogging_initialized           [0m [[0m[1m[34mapp.core.logging[0m][0m [36mdebug[0m=[35mTrue[0m [36menvironment[0m=[35mdevelopment[0m [36mfilename[0m=[35mlogging.py[0m [36mfunc_name[0m=[35m<module>[0m [36mlineno[0m=[35m232[0m [36mlog_format[0m=[35mconsole[0m [36mlog_level[0m=[35mDEBUG[0m [36mmodule[0m=[35mlogging[0m [36mpathname[0m=[35mC:\Users\sarip\Downloads\fastapi-langgraph-agent-production-ready-template-master\fastapi-langgraph-agent-production-ready-template-master\app\core\logging.py[0m
{"message": "Starting topology monitoring", "topologyId": {"$oid": "699172f6e21ed943bd635a03"}}
{"message": "Topology description changed", "topologyId": {"$oid": "699172f6e21ed943bd635a03"}, "previousDescription": "<TopologyDescription id: 699172f6e21ed943bd635a03, topology_type: Unknown, servers: []>", "newDescription": "<TopologyDescription id: 699172f6e21ed943bd635a03, topology_type: Unknown, servers: [<ServerDescription ('127.0.0.1', 27017) server_type: Unknown, rtt: None>]>"}
{"message": "Starting server monitoring", "topologyId": {"$oid": "699172f6e21ed943bd635a03"}, "serverHost": "127.0.0.1", "serverPort": 27017}
[2m2026-02-15T07:17:10.322933Z[0m [[32m[1minfo     [0m] [1mmongo_database_initialized    [0m [[0m[1m[34mapp.core.logging[0m][0m [36menvironment[0m=[35mdevelopment[0m [36mfilename[0m=[35mdatabase.py[0m [36mfunc_name[0m=[35m__init__[0m [36mlineno[0m=[35m29[0m [36mmodule[0m=[35mdatabase[0m [36mpathname[0m=[35mC:\Users\sarip\Downloads\fastapi-langgraph-agent-production-ready-template-master\fastapi-langgraph-agent-production-ready-template-master\app\services\database.py[0m
[2m2026-02-15T07:17:11.272352Z[0m [[32m[1mdebug    [0m] [1musing_default_llm_instance    [0m [[0m[1m[34mapp.core.logging[0m][0m [36menvironment[0m=[35mdevelopment[0m [36mfilename[0m=[35mllm.py[0m [36mfunc_name[0m=[35mget[0m [36mlineno[0m=[35m127[0m [36mmodel_name[0m=[35mgpt-4o-mini[0m [36mmodule[0m=[35mllm[0m [36mpathname[0m=[35mC:\Users\sarip\Downloads\fastapi-langgraph-agent-production-ready-template-master\fastapi-langgraph-agent-production-ready-template-master\app\services\llm.py[0m
[2m2026-02-15T07:17:11.273353Z[0m [[32m[1minfo     [0m] [1mllm_service_initialized       [0m [[0m[1m[34mapp.core.logging[0m][0m [36mdefault_model[0m=[35mgpt-4o-mini[0m [36menvironment[0m=[35mdevelopment[0m [36mfilename[0m=[35mllm.py[0m [36mfunc_name[0m=[35m__init__[0m [36mlineno[0m=[35m171[0m [36mmodel_index[0m=[35m4[0m [36mmodule[0m=[35mllm[0m [36mpathname[0m=[35mC:\Users\sarip\Downloads\fastapi-langgraph-agent-production-ready-template-master\fastapi-langgraph-agent-production-ready-template-master\app\services\llm.py[0m [36mtotal_models[0m=[35m5[0m
[2m2026-02-15T07:17:11.416353Z[0m [[32m[1minfo     [0m] [1mrag_loading_existing_index    [0m [[0m[1m[34mapp.core.logging[0m][0m [36menvironment[0m=[35mdevelopment[0m [36mfilename[0m=[35mrag.py[0m [36mfunc_name[0m=[35m_initialize_vector_store[0m [36mlineno[0m=[35m55[0m [36mmodule[0m=[35mrag[0m [36mpath[0m=[35mdata/faiss_index[0m [36mpathname[0m=[35mC:\Users\sarip\Downloads\fastapi-langgraph-agent-production-ready-template-master\fastapi-langgraph-agent-production-ready-template-master\app\services\rag.py[0m
Environment variable FAISS_OPT_LEVEL is not set, so let's pick the instruction set according to the current CPU
Loading faiss with AVX2 support.
Successfully loaded faiss with AVX2 support.
Initializing RAG...
Docs Dir exists: True
Querying: What is the refund policy?
[2m2026-02-15T07:17:11.516445Z[0m [[32m[1minfo     [0m] [1mrag_reindexing_triggered      [0m [[0m[1m[34mapp.core.logging[0m][0m [36menvironment[0m=[35mdevelopment[0m [36mfilename[0m=[35mrag.py[0m [36mfunc_name[0m=[35mreindex[0m [36mlineno[0m=[35m105[0m [36mmodule[0m=[35mrag[0m [36mpathname[0m=[35mC:\Users\sarip\Downloads\fastapi-langgraph-agent-production-ready-template-master\fastapi-langgraph-agent-production-ready-template-master\app\services\rag.py[0m
[2m2026-02-15T07:17:11.517967Z[0m [[32m[1minfo     [0m] [1mrag_loading_documents         [0m [[0m[1m[34mapp.core.logging[0m][0m [36menvironment[0m=[35mdevelopment[0m [36mfilename[0m=[35mrag.py[0m [36mfunc_name[0m=[35m_initialize_vector_store[0m [36mlineno[0m=[35m72[0m [36mmodule[0m=[35mrag[0m [36mpath[0m=[35mdata/company_docs[0m [36mpathname[0m=[35mC:\Users\sarip\Downloads\fastapi-langgraph-agent-production-ready-template-master\fastapi-langgraph-agent-production-ready-template-master\app\services\rag.py[0m
Processing file: data\company_docs\architecture.md
Processing file: data\company_docs\hr_policy.md
Processing file: data\company_docs\monitors.md
Processing file: data\company_docs\privacy_policy.md
Processing file: data\company_docs\refund_policy.md
Request options: {'method': 'post', 'url': '/embeddings', 'files': None, 'idempotency_key': 'stainless-python-retry-7075e200-a62f-4806-91a9-fdd49b8e3080', 'post_parser': <function Embeddings.create.<locals>.parser at 0x000001FE64031B40>, 'content': None, 'json_data': {'input': [[2, 17829, 14619, 323, 38943, 271, 8140, 1887, 374, 6319, 369, 1579, 5178, 323, 94840, 382, 16, 13, 3146, 15181, 96618, 17737, 7227, 369, 279, 3566, 5446, 11, 8405, 1579, 79110, 323, 40107, 1862, 627, 17, 13, 3146, 15836, 8364, 96618, 23272, 11461, 369, 4857, 6485, 945, 4351, 88568, 323, 1614, 1285, 8522, 627, 18, 13, 3146, 6116, 96618, 46428, 320, 20708, 18079, 8, 369, 6332, 3851, 828, 323, 1217, 16079, 627, 19, 13, 3146, 3866, 6078, 96618, 15358, 31949, 369, 11297, 2254, 38723, 2778, 320, 49, 1929, 4390, 20, 13, 3146, 4178, 44, 96618, 5377, 15836, 480, 2898, 4211, 369, 5933, 4221, 8863, 323, 945, 4351, 33811, 627, 21, 13, 3146, 38863, 2968, 96618, 16531, 3149, 8558, 449, 1595, 1257, 848, 7964, 17150, 449, 98237, 11, 323, 46515, 449, 23272, 96692, 382, 21103, 11429, 63652, 1491, 30079, 323, 14553, 315, 9070, 13], [2, 23096, 11216, 482, 68103, 323, 26257, 271, 16, 13, 3146, 81596, 26257, 96618, 2052, 2539, 7394, 8420, 527, 20458, 311, 220, 914, 2919, 315, 7318, 9974, 5387, 824, 1060, 627, 17, 13, 3146, 50, 875, 26257, 96618, 1226, 3493, 709, 311, 220, 605, 2919, 315, 7318, 14363, 5387, 627, 18, 13, 3146, 31912, 68103, 96618, 2052, 5426, 25425, 304, 279, 9548, 596, 5654, 315, 22423, 527, 13468, 627, 19, 13, 3146, 42928, 96618, 26257, 7540, 2011, 387, 14976, 1555, 279, 330, 16298, 50140, 1, 520, 3325, 220, 975, 2919, 304, 12178, 369, 14765, 627, 20, 13, 3146, 9028, 894, 6193, 96618, 362, 7340, 315, 220, 20, 20604, 5387, 2919, 649, 387, 11953, 927, 311, 279, 1828, 13470, 1060, 382, 8906, 18514, 31, 10348, 916, 369, 904, 3230, 5387, 44983, 13], [2, 5761, 32321, 482, 3206, 12170, 271, 8140, 1510, 28612, 5764, 1579, 58574, 19207, 369, 15749, 323, 35843, 382, 16, 13, 3146, 82578, 7165, 220, 19, 42, 96618, 362, 220, 1544, 25224, 8891, 449, 220, 19, 42, 11175, 11, 220, 8929, 11732, 10625, 4478, 11, 323, 55491, 605, 1862, 13, 24118, 369, 2955, 990, 323, 65280, 16211, 627, 17, 13, 3146, 1360, 19410, 220, 8929, 96618, 362, 220, 1187, 25224, 24955, 25480, 8891, 10968, 389, 26206, 449, 264, 5918, 3502, 735, 11435, 3480, 323, 11602, 7813, 2410, 9889, 627, 18, 13, 3146, 54, 44290, 96618, 2052, 37577, 2586, 449, 264, 5410, 220, 18, 4771, 7347, 8642, 18702, 7090, 42655, 323, 12035, 8060, 382, 2520, 20155, 10373, 11, 3729, 6763, 31, 10348, 916, 13], [2, 19406, 11216, 271, 1687, 1935, 701, 828, 4868, 14243, 382, 16, 13, 3146, 1061, 11348, 96618, 1226, 6667, 1193, 279, 2038, 5995, 311, 3493, 1057, 3600, 11, 1778, 439, 2613, 14564, 323, 6913, 56186, 828, 627, 17, 13, 3146, 15126, 96618, 4718, 828, 374, 1511, 24121, 311, 7417, 279, 15592, 8479, 596, 5178, 323, 81938, 701, 3217, 627, 18, 13, 3146, 84856, 96618, 1226, 56125, 4662, 701, 828, 311, 4948, 24993, 50270, 13, 720, 19, 13, 3146, 15712, 96618, 2052, 4443, 828, 374, 25461, 1701, 39941, 12, 4146, 520, 2800, 323, 42754, 220, 16, 13, 18, 304, 25032, 627, 20, 13, 3146, 41949, 6616, 14, 3791, 8201, 96618, 1226, 527, 7373, 49798, 449, 92048, 323, 77021, 32, 13, 14969, 649, 1715, 264, 2539, 828, 7637, 477, 330, 1820, 1314, 311, 387, 25565, 1, 555, 47208, 12625, 31, 10348, 916, 382, 2520, 810, 3649, 11, 4034, 279, 5897, 3857, 315, 1057, 3997, 13], [2, 8718, 1263, 11216, 271, 8140, 5915, 374, 701, 4686, 24617, 13, 1442, 499, 527, 539, 20097, 449, 701, 7782, 11, 499, 649, 1715, 264, 21639, 1234, 279, 2768, 4787, 1473, 16, 13, 3146, 6719, 343, 3225, 96618, 8718, 44050, 527, 2561, 2949, 220, 966, 2919, 315, 279, 2926, 7782, 2457, 627, 17, 13, 3146, 7575, 96618, 2057, 39201, 264, 21639, 11, 4587, 3729, 1057, 1862, 2128, 520, 1862, 31, 10348, 916, 449, 701, 7365, 3110, 627, 18, 13, 3146, 91207, 96618, 9843, 701, 1715, 374, 4036, 11, 1057, 6020, 9476, 690, 3477, 433, 2949, 220, 17, 2626, 2919, 627, 19, 13, 3146, 47, 1433, 96618, 52175, 73618, 527, 41857, 1203, 311, 279, 4113, 8323, 1749, 2949, 220, 20, 12, 605, 2626, 2919, 627, 20, 13, 3146, 66680, 96618, 14434, 3600, 430, 617, 1027, 7373, 27073, 477, 330, 79034, 1, 27087, 2587, 84823, 527, 2536, 44107, 1263, 481, 382, 38191, 311, 420, 4947, 690, 387, 8621, 389, 279, 2883, 24007, 13]], 'model': 'text-embedding-ada-002', 'encoding_format': 'base64'}}
Sending HTTP Request: POST https://api.openai.com/v1/embeddings
connect_tcp.started host='api.openai.com' port=443 local_address=None timeout=None socket_options=None
connect_tcp.complete return_value=<httpcore._backends.sync.SyncStream object at 0x000001FE7FF55B70>
start_tls.started ssl_context=<ssl.SSLContext object at 0x000001FE6A7318C0> server_hostname='api.openai.com' timeout=None
start_tls.complete return_value=<httpcore._backends.sync.SyncStream object at 0x000001FE7FF55900>
send_request_headers.started request=<Request [b'POST']>
send_request_headers.complete
send_request_body.started request=<Request [b'POST']>
send_request_body.complete
receive_response_headers.started request=<Request [b'POST']>
receive_response_headers.complete return_value=(b'HTTP/1.1', 429, b'Too Many Requests', [(b'Date', b'Sun, 15 Feb 2026 07:17:12 GMT'), (b'Content-Type', b'application/json; charset=utf-8'), (b'Content-Length', b'337'), (b'Connection', b'keep-alive'), (b'vary', b'Origin'), (b'x-request-id', b'req_53c48463d8034e8c8f22efd216c72402'), (b'x-openai-proxy-wasm', b'v0.1'), (b'Server', b'cloudflare'), (b'cf-cache-status', b'DYNAMIC'), (b'set-cookie', b'__cf_bm=8VhtN9BLmoCAy3rZfMqRo7HXBvHsmWrYxaOGmwK06aU-1771139832.3395686-1.0.1.1-9hy0ZG.r4Gc5HZnWS.gItqTA30Nhoj0y2QFMSU_FUdv91rrl5fHb0lcgG3FguffovMoziBBgAPZ72Atv_esMIhW0e8CVcdbBfqJJKLbwT1Egcq6hRWs1DIxm30xTdYxe; HttpOnly; Secure; Path=/; Domain=api.openai.com; Expires=Sun, 15 Feb 2026 07:47:12 GMT'), (b'set-cookie', b'_cfuvid=ZzgS7lBX_iZ1OLAxXvEpSHG0W0FtKy7ltOzbK6ZJfgQ-1771139832.3395686-1.0.1.1-ik.U40A7h9oGBiT5qgmNCyzaotWovpUbpED2xISKBF4; HttpOnly; SameSite=None; Secure; Path=/; Domain=api.openai.com'), (b'Strict-Transport-Security', b'max-age=31536000; includeSubDomains; preload'), (b'X-Content-Type-Options', b'nosniff'), (b'CF-RAY', b'9ce306301aa07fda-MAA'), (b'alt-svc', b'h3=":443"; ma=86400')])
HTTP Request: POST https://api.openai.com/v1/embeddings "HTTP/1.1 429 Too Many Requests"
receive_response_body.started request=<Request [b'POST']>
receive_response_body.complete
response_closed.started
response_closed.complete
HTTP Response: POST https://api.openai.com/v1/embeddings "429 Too Many Requests" Headers([('date', 'Sun, 15 Feb 2026 07:17:12 GMT'), ('content-type', 'application/json; charset=utf-8'), ('content-length', '337'), ('connection', 'keep-alive'), ('vary', 'Origin'), ('x-request-id', 'req_53c48463d8034e8c8f22efd216c72402'), ('x-openai-proxy-wasm', 'v0.1'), ('server', 'cloudflare'), ('cf-cache-status', 'DYNAMIC'), ('set-cookie', '__cf_bm=8VhtN9BLmoCAy3rZfMqRo7HXBvHsmWrYxaOGmwK06aU-1771139832.3395686-1.0.1.1-9hy0ZG.r4Gc5HZnWS.gItqTA30Nhoj0y2QFMSU_FUdv91rrl5fHb0lcgG3FguffovMoziBBgAPZ72Atv_esMIhW0e8CVcdbBfqJJKLbwT1Egcq6hRWs1DIxm30xTdYxe; HttpOnly; Secure; Path=/; Domain=api.openai.com; Expires=Sun, 15 Feb 2026 07:47:12 GMT'), ('set-cookie', '_cfuvid=ZzgS7lBX_iZ1OLAxXvEpSHG0W0FtKy7ltOzbK6ZJfgQ-1771139832.3395686-1.0.1.1-ik.U40A7h9oGBiT5qgmNCyzaotWovpUbpED2xISKBF4; HttpOnly; SameSite=None; Secure; Path=/; Domain=api.openai.com'), ('strict-transport-security', 'max-age=31536000; includeSubDomains; preload'), ('x-content-type-options', 'nosniff'), ('cf-ray', '9ce306301aa07fda-MAA'), ('alt-svc', 'h3=":443"; ma=86400')])
request_id: req_53c48463d8034e8c8f22efd216c72402
Encountered httpx.HTTPStatusError
Traceback (most recent call last):
  File "C:\Users\sarip\Downloads\fastapi-langgraph-agent-production-ready-template-master\fastapi-langgraph-agent-production-ready-template-master\venv\lib\site-packages\openai\_base_client.py", line 1050, in request
    response.raise_for_status()
  File "C:\Users\sarip\Downloads\fastapi-langgraph-agent-production-ready-template-master\fastapi-langgraph-agent-production-ready-template-master\venv\lib\site-packages\httpx\_models.py", line 829, in raise_for_status
    raise HTTPStatusError(message, request=request, response=self)
httpx.HTTPStatusError: Client error '429 Too Many Requests' for url 'https://api.openai.com/v1/embeddings'
For more information check: https://developer.mozilla.org/en-US/docs/Web/HTTP/Status/429
Retrying due to status code 429
2 retries left
Retrying request to /embeddings in 0.398261 seconds
Request options: {'method': 'post', 'url': '/embeddings', 'files': None, 'idempotency_key': 'stainless-python-retry-7075e200-a62f-4806-91a9-fdd49b8e3080', 'post_parser': <function Embeddings.create.<locals>.parser at 0x000001FE64031B40>, 'content': None, 'json_data': {'input': [[2, 17829, 14619, 323, 38943, 271, 8140, 1887, 374, 6319, 369, 1579, 5178, 323, 94840, 382, 16, 13, 3146, 15181, 96618, 17737, 7227, 369, 279, 3566, 5446, 11, 8405, 1579, 79110, 323, 40107, 1862, 627, 17, 13, 3146, 15836, 8364, 96618, 23272, 11461, 369, 4857, 6485, 945, 4351, 88568, 323, 1614, 1285, 8522, 627, 18, 13, 3146, 6116, 96618, 46428, 320, 20708, 18079, 8, 369, 6332, 3851, 828, 323, 1217, 16079, 627, 19, 13, 3146, 3866, 6078, 96618, 15358, 31949, 369, 11297, 2254, 38723, 2778, 320, 49, 1929, 4390, 20, 13, 3146, 4178, 44, 96618, 5377, 15836, 480, 2898, 4211, 369, 5933, 4221, 8863, 323, 945, 4351, 33811, 627, 21, 13, 3146, 38863, 2968, 96618, 16531, 3149, 8558, 449, 1595, 1257, 848, 7964, 17150, 449, 98237, 11, 323, 46515, 449, 23272, 96692, 382, 21103, 11429, 63652, 1491, 30079, 323, 14553, 315, 9070, 13], [2, 23096, 11216, 482, 68103, 323, 26257, 271, 16, 13, 3146, 81596, 26257, 96618, 2052, 2539, 7394, 8420, 527, 20458, 311, 220, 914, 2919, 315, 7318, 9974, 5387, 824, 1060, 627, 17, 13, 3146, 50, 875, 26257, 96618, 1226, 3493, 709, 311, 220, 605, 2919, 315, 7318, 14363, 5387, 627, 18, 13, 3146, 31912, 68103, 96618, 2052, 5426, 25425, 304, 279, 9548, 596, 5654, 315, 22423, 527, 13468, 627, 19, 13, 3146, 42928, 96618, 26257, 7540, 2011, 387, 14976, 1555, 279, 330, 16298, 50140, 1, 520, 3325, 220, 975, 2919, 304, 12178, 369, 14765, 627, 20, 13, 3146, 9028, 894, 6193, 96618, 362, 7340, 315, 220, 20, 20604, 5387, 2919, 649, 387, 11953, 927, 311, 279, 1828, 13470, 1060, 382, 8906, 18514, 31, 10348, 916, 369, 904, 3230, 5387, 44983, 13], [2, 5761, 32321, 482, 3206, 12170, 271, 8140, 1510, 28612, 5764, 1579, 58574, 19207, 369, 15749, 323, 35843, 382, 16, 13, 3146, 82578, 7165, 220, 19, 42, 96618, 362, 220, 1544, 25224, 8891, 449, 220, 19, 42, 11175, 11, 220, 8929, 11732, 10625, 4478, 11, 323, 55491, 605, 1862, 13, 24118, 369, 2955, 990, 323, 65280, 16211, 627, 17, 13, 3146, 1360, 19410, 220, 8929, 96618, 362, 220, 1187, 25224, 24955, 25480, 8891, 10968, 389, 26206, 449, 264, 5918, 3502, 735, 11435, 3480, 323, 11602, 7813, 2410, 9889, 627, 18, 13, 3146, 54, 44290, 96618, 2052, 37577, 2586, 449, 264, 5410, 220, 18, 4771, 7347, 8642, 18702, 7090, 42655, 323, 12035, 8060, 382, 2520, 20155, 10373, 11, 3729, 6763, 31, 10348, 916, 13], [2, 19406, 11216, 271, 1687, 1935, 701, 828, 4868, 14243, 382, 16, 13, 3146, 1061, 11348, 96618, 1226, 6667, 1193, 279, 2038, 5995, 311, 3493, 1057, 3600, 11, 1778, 439, 2613, 14564, 323, 6913, 56186, 828, 627, 17, 13, 3146, 15126, 96618, 4718, 828, 374, 1511, 24121, 311, 7417, 279, 15592, 8479, 596, 5178, 323, 81938, 701, 3217, 627, 18, 13, 3146, 84856, 96618, 1226, 56125, 4662, 701, 828, 311, 4948, 24993, 50270, 13, 720, 19, 13, 3146, 15712, 96618, 2052, 4443, 828, 374, 25461, 1701, 39941, 12, 4146, 520, 2800, 323, 42754, 220, 16, 13, 18, 304, 25032, 627, 20, 13, 3146, 41949, 6616, 14, 3791, 8201, 96618, 1226, 527, 7373, 49798, 449, 92048, 323, 77021, 32, 13, 14969, 649, 1715, 264, 2539, 828, 7637, 477, 330, 1820, 1314, 311, 387, 25565, 1, 555, 47208, 12625, 31, 10348, 916, 382, 2520, 810, 3649, 11, 4034, 279, 5897, 3857, 315, 1057, 3997, 13], [2, 8718, 1263, 11216, 271, 8140, 5915, 374, 701, 4686, 24617, 13, 1442, 499, 527, 539, 20097, 449, 701, 7782, 11, 499, 649, 1715, 264, 21639, 1234, 279, 2768, 4787, 1473, 16, 13, 3146, 6719, 343, 3225, 96618, 8718, 44050, 527, 2561, 2949, 220, 966, 2919, 315, 279, 2926, 7782, 2457, 627, 17, 13, 3146, 7575, 96618, 2057, 39201, 264, 21639, 11, 4587, 3729, 1057, 1862, 2128, 520, 1862, 31, 10348, 916, 449, 701, 7365, 3110, 627, 18, 13, 3146, 91207, 96618, 9843, 701, 1715, 374, 4036, 11, 1057, 6020, 9476, 690, 3477, 433, 2949, 220, 17, 2626, 2919, 627, 19, 13, 3146, 47, 1433, 96618, 52175, 73618, 527, 41857, 1203, 311, 279, 4113, 8323, 1749, 2949, 220, 20, 12, 605, 2626, 2919, 627, 20, 13, 3146, 66680, 96618, 14434, 3600, 430, 617, 1027, 7373, 27073, 477, 330, 79034, 1, 27087, 2587, 84823, 527, 2536, 44107, 1263, 481, 382, 38191, 311, 420, 4947, 690, 387, 8621, 389, 279, 2883, 24007, 13]], 'model': 'text-embedding-ada-002', 'encoding_format': 'base64'}}
Sending HTTP Request: POST https://api.openai.com/v1/embeddings
send_request_headers.started request=<Request [b'POST']>
send_request_headers.complete
send_request_body.started request=<Request [b'POST']>
send_request_body.complete
receive_response_headers.started request=<Request [b'POST']>
receive_response_headers.complete return_value=(b'HTTP/1.1', 429, b'Too Many Requests', [(b'Date', b'Sun, 15 Feb 2026 07:17:13 GMT'), (b'Content-Type', b'application/json; charset=utf-8'), (b'Content-Length', b'337'), (b'Connection', b'keep-alive'), (b'vary', b'Origin'), (b'x-request-id', b'req_5e81b006c97b48a98a685c38f44f1434'), (b'x-openai-proxy-wasm', b'v0.1'), (b'Server', b'cloudflare'), (b'cf-cache-status', b'DYNAMIC'), (b'X-Content-Type-Options', b'nosniff'), (b'Strict-Transport-Security', b'max-age=31536000; includeSubDomains; preload'), (b'CF-RAY', b'9ce306341e247fda-MAA'), (b'alt-svc', b'h3=":443"; ma=86400')])
HTTP Request: POST https://api.openai.com/v1/embeddings "HTTP/1.1 429 Too Many Requests"
receive_response_body.started request=<Request [b'POST']>
receive_response_body.complete
response_closed.started
response_closed.complete
HTTP Response: POST https://api.openai.com/v1/embeddings "429 Too Many Requests" Headers({'date': 'Sun, 15 Feb 2026 07:17:13 GMT', 'content-type': 'application/json; charset=utf-8', 'content-length': '337', 'connection': 'keep-alive', 'vary': 'Origin', 'x-request-id': 'req_5e81b006c97b48a98a685c38f44f1434', 'x-openai-proxy-wasm': 'v0.1', 'server': 'cloudflare', 'cf-cache-status': 'DYNAMIC', 'x-content-type-options': 'nosniff', 'strict-transport-security': 'max-age=31536000; includeSubDomains; preload', 'cf-ray': '9ce306341e247fda-MAA', 'alt-svc': 'h3=":443"; ma=86400'})
request_id: req_5e81b006c97b48a98a685c38f44f1434
Encountered httpx.HTTPStatusError
Traceback (most recent call last):
  File "C:\Users\sarip\Downloads\fastapi-langgraph-agent-production-ready-template-master\fastapi-langgraph-agent-production-ready-template-master\venv\lib\site-packages\openai\_base_client.py", line 1050, in request
    response.raise_for_status()
  File "C:\Users\sarip\Downloads\fastapi-langgraph-agent-production-ready-template-master\fastapi-langgraph-agent-production-ready-template-master\venv\lib\site-packages\httpx\_models.py", line 829, in raise_for_status
    raise HTTPStatusError(message, request=request, response=self)
httpx.HTTPStatusError: Client error '429 Too Many Requests' for url 'https://api.openai.com/v1/embeddings'
For more information check: https://developer.mozilla.org/en-US/docs/Web/HTTP/Status/429
Retrying due to status code 429
1 retry left
Retrying request to /embeddings in 0.783505 seconds
Request options: {'method': 'post', 'url': '/embeddings', 'files': None, 'idempotency_key': 'stainless-python-retry-7075e200-a62f-4806-91a9-fdd49b8e3080', 'post_parser': <function Embeddings.create.<locals>.parser at 0x000001FE64031B40>, 'content': None, 'json_data': {'input': [[2, 17829, 14619, 323, 38943, 271, 8140, 1887, 374, 6319, 369, 1579, 5178, 323, 94840, 382, 16, 13, 3146, 15181, 96618, 17737, 7227, 369, 279, 3566, 5446, 11, 8405, 1579, 79110, 323, 40107, 1862, 627, 17, 13, 3146, 15836, 8364, 96618, 23272, 11461, 369, 4857, 6485, 945, 4351, 88568, 323, 1614, 1285, 8522, 627, 18, 13, 3146, 6116, 96618, 46428, 320, 20708, 18079, 8, 369, 6332, 3851, 828, 323, 1217, 16079, 627, 19, 13, 3146, 3866, 6078, 96618, 15358, 31949, 369, 11297, 2254, 38723, 2778, 320, 49, 1929, 4390, 20, 13, 3146, 4178, 44, 96618, 5377, 15836, 480, 2898, 4211, 369, 5933, 4221, 8863, 323, 945, 4351, 33811, 627, 21, 13, 3146, 38863, 2968, 96618, 16531, 3149, 8558, 449, 1595, 1257, 848, 7964, 17150, 449, 98237, 11, 323, 46515, 449, 23272, 96692, 382, 21103, 11429, 63652, 1491, 30079, 323, 14553, 315, 9070, 13], [2, 23096, 11216, 482, 68103, 323, 26257, 271, 16, 13, 3146, 81596, 26257, 96618, 2052, 2539, 7394, 8420, 527, 20458, 311, 220, 914, 2919, 315, 7318, 9974, 5387, 824, 1060, 627, 17, 13, 3146, 50, 875, 26257, 96618, 1226, 3493, 709, 311, 220, 605, 2919, 315, 7318, 14363, 5387, 627, 18, 13, 3146, 31912, 68103, 96618, 2052, 5426, 25425, 304, 279, 9548, 596, 5654, 315, 22423, 527, 13468, 627, 19, 13, 3146, 42928, 96618, 26257, 7540, 2011, 387, 14976, 1555, 279, 330, 16298, 50140, 1, 520, 3325, 220, 975, 2919, 304, 12178, 369, 14765, 627, 20, 13, 3146, 9028, 894, 6193, 96618, 362, 7340, 315, 220, 20, 20604, 5387, 2919, 649, 387, 11953, 927, 311, 279, 1828, 13470, 1060, 382, 8906, 18514, 31, 10348, 916, 369, 904, 3230, 5387, 44983, 13], [2, 5761, 32321, 482, 3206, 12170, 271, 8140, 1510, 28612, 5764, 1579, 58574, 19207, 369, 15749, 323, 35843, 382, 16, 13, 3146, 82578, 7165, 220, 19, 42, 96618, 362, 220, 1544, 25224, 8891, 449, 220, 19, 42, 11175, 11, 220, 8929, 11732, 10625, 4478, 11, 323, 55491, 605, 1862, 13, 24118, 369, 2955, 990, 323, 65280, 16211, 627, 17, 13, 3146, 1360, 19410, 220, 8929, 96618, 362, 220, 1187, 25224, 24955, 25480, 8891, 10968, 389, 26206, 449, 264, 5918, 3502, 735, 11435, 3480, 323, 11602, 7813, 2410, 9889, 627, 18, 13, 3146, 54, 44290, 96618, 2052, 37577, 2586, 449, 264, 5410, 220, 18, 4771, 7347, 8642, 18702, 7090, 42655, 323, 12035, 8060, 382, 2520, 20155, 10373, 11, 3729, 6763, 31, 10348, 916, 13], [2, 19406, 11216, 271, 1687, 1935, 701, 828, 4868, 14243, 382, 16, 13, 3146, 1061, 11348, 96618, 1226, 6667, 1193, 279, 2038, 5995, 311, 3493, 1057, 3600, 11, 1778, 439, 2613, 14564, 323, 6913, 56186, 828, 627, 17, 13, 3146, 15126, 96618, 4718, 828, 374, 1511, 24121, 311, 7417, 279, 15592, 8479, 596, 5178, 323, 81938, 701, 3217, 627, 18, 13, 3146, 84856, 96618, 1226, 56125, 4662, 701, 828, 311, 4948, 24993, 50270, 13, 720, 19, 13, 3146, 15712, 96618, 2052, 4443, 828, 374, 25461, 1701, 39941, 12, 4146, 520, 2800, 323, 42754, 220, 16, 13, 18, 304, 25032, 627, 20, 13, 3146, 41949, 6616, 14, 3791, 8201, 96618, 1226, 527, 7373, 49798, 449, 92048, 323, 77021, 32, 13, 14969, 649, 1715, 264, 2539, 828, 7637, 477, 330, 1820, 1314, 311, 387, 25565, 1, 555, 47208, 12625, 31, 10348, 916, 382, 2520, 810, 3649, 11, 4034, 279, 5897, 3857, 315, 1057, 3997, 13], [2, 8718, 1263, 11216, 271, 8140, 5915, 374, 701, 4686, 24617, 13, 1442, 499, 527, 539, 20097, 449, 701, 7782, 11, 499, 649, 1715, 264, 21639, 1234, 279, 2768, 4787, 1473, 16, 13, 3146, 6719, 343, 3225, 96618, 8718, 44050, 527, 2561, 2949, 220, 966, 2919, 315, 279, 2926, 7782, 2457, 627, 17, 13, 3146, 7575, 96618, 2057, 39201, 264, 21639, 11, 4587, 3729, 1057, 1862, 2128, 520, 1862, 31, 10348, 916, 449, 701, 7365, 3110, 627, 18, 13, 3146, 91207, 96618, 9843, 701, 1715, 374, 4036, 11, 1057, 6020, 9476, 690, 3477, 433, 2949, 220, 17, 2626, 2919, 627, 19, 13, 3146, 47, 1433, 96618, 52175, 73618, 527, 41857, 1203, 311, 279, 4113, 8323, 1749, 2949, 220, 20, 12, 605, 2626, 2919, 627, 20, 13, 3146, 66680, 96618, 14434, 3600, 430, 617, 1027, 7373, 27073, 477, 330, 79034, 1, 27087, 2587, 84823, 527, 2536, 44107, 1263, 481, 382, 38191, 311, 420, 4947, 690, 387, 8621, 389, 279, 2883, 24007, 13]], 'model': 'text-embedding-ada-002', 'encoding_format': 'base64'}}
Sending HTTP Request: POST https://api.openai.com/v1/embeddings
send_request_headers.started request=<Request [b'POST']>
send_request_headers.complete
send_request_body.started request=<Request [b'POST']>
send_request_body.complete
receive_response_headers.started request=<Request [b'POST']>
receive_response_headers.complete return_value=(b'HTTP/1.1', 429, b'Too Many Requests', [(b'Date', b'Sun, 15 Feb 2026 07:17:14 GMT'), (b'Content-Type', b'application/json; charset=utf-8'), (b'Content-Length', b'337'), (b'Connection', b'keep-alive'), (b'vary', b'Origin'), (b'x-request-id', b'req_d90fabcc2dc3415aa2e73bdf0f45c910'), (b'x-openai-proxy-wasm', b'v0.1'), (b'Server', b'cloudflare'), (b'cf-cache-status', b'DYNAMIC'), (b'X-Content-Type-Options', b'nosniff'), (b'Strict-Transport-Security', b'max-age=31536000; includeSubDomains; preload'), (b'CF-RAY', b'9ce3063acc2f7fda-MAA'), (b'alt-svc', b'h3=":443"; ma=86400')])
HTTP Request: POST https://api.openai.com/v1/embeddings "HTTP/1.1 429 Too Many Requests"
receive_response_body.started request=<Request [b'POST']>
receive_response_body.complete
response_closed.started
response_closed.complete
HTTP Response: POST https://api.openai.com/v1/embeddings "429 Too Many Requests" Headers({'date': 'Sun, 15 Feb 2026 07:17:14 GMT', 'content-type': 'application/json; charset=utf-8', 'content-length': '337', 'connection': 'keep-alive', 'vary': 'Origin', 'x-request-id': 'req_d90fabcc2dc3415aa2e73bdf0f45c910', 'x-openai-proxy-wasm': 'v0.1', 'server': 'cloudflare', 'cf-cache-status': 'DYNAMIC', 'x-content-type-options': 'nosniff', 'strict-transport-security': 'max-age=31536000; includeSubDomains; preload', 'cf-ray': '9ce3063acc2f7fda-MAA', 'alt-svc': 'h3=":443"; ma=86400'})
request_id: req_d90fabcc2dc3415aa2e73bdf0f45c910
Encountered httpx.HTTPStatusError
Traceback (most recent call last):
  File "C:\Users\sarip\Downloads\fastapi-langgraph-agent-production-ready-template-master\fastapi-langgraph-agent-production-ready-template-master\venv\lib\site-packages\openai\_base_client.py", line 1050, in request
    response.raise_for_status()
  File "C:\Users\sarip\Downloads\fastapi-langgraph-agent-production-ready-template-master\fastapi-langgraph-agent-production-ready-template-master\venv\lib\site-packages\httpx\_models.py", line 829, in raise_for_status
    raise HTTPStatusError(message, request=request, response=self)
httpx.HTTPStatusError: Client error '429 Too Many Requests' for url 'https://api.openai.com/v1/embeddings'
For more information check: https://developer.mozilla.org/en-US/docs/Web/HTTP/Status/429
Re-raising status error
[2m2026-02-15T07:17:13.947887Z[0m [[31m[1merror    [0m] [1mrag_initialization_failed     [0m [[0m[1m[34mapp.core.logging[0m][0m [36menvironment[0m=[35mdevelopment[0m [36merror[0m=[35m"Error code: 429 - {'error': {'message': 'You exceeded your current quota, please check your plan and billing details. For more information on this error, read the docs: https://platform.openai.com/docs/guides/error-codes/api-errors.', 'type': 'insufficient_quota', 'param': None, 'code': 'insufficient_quota'}}"[0m [36mfilename[0m=[35mrag.py[0m [36mfunc_name[0m=[35m_initialize_vector_store[0m [36mlineno[0m=[35m101[0m [36mmodule[0m=[35mrag[0m [36mpathname[0m=[35mC:\Users\sarip\Downloads\fastapi-langgraph-agent-production-ready-template-master\fastapi-langgraph-agent-production-ready-template-master\app\services\rag.py[0m
Request options: {'method': 'post', 'url': '/embeddings', 'files': None, 'idempotency_key': 'stainless-python-retry-27d4d704-4e7b-42ba-a967-8783b245616f', 'post_parser': <function Embeddings.create.<locals>.parser at 0x000001FE64031B40>, 'content': None, 'json_data': {'input': [[3923, 374, 279, 21639, 4947, 30]], 'model': 'text-embedding-ada-002', 'encoding_format': 'base64'}}
Sending HTTP Request: POST https://api.openai.com/v1/embeddings
send_request_headers.started request=<Request [b'POST']>
send_request_headers.complete
send_request_body.started request=<Request [b'POST']>
send_request_body.complete
receive_response_headers.started request=<Request [b'POST']>
receive_response_headers.complete return_value=(b'HTTP/1.1', 429, b'Too Many Requests', [(b'Date', b'Sun, 15 Feb 2026 07:17:14 GMT'), (b'Content-Type', b'application/json; charset=utf-8'), (b'Content-Length', b'337'), (b'Connection', b'keep-alive'), (b'vary', b'Origin'), (b'x-request-id', b'req_069e2ce0d5a6408ea13eb784d1a1bcc7'), (b'x-openai-proxy-wasm', b'v0.1'), (b'Server', b'cloudflare'), (b'cf-cache-status', b'DYNAMIC'), (b'X-Content-Type-Options', b'nosniff'), (b'Strict-Transport-Security', b'max-age=31536000; includeSubDomains; preload'), (b'CF-RAY', b'9ce3063c2dad7fda-MAA'), (b'alt-svc', b'h3=":443"; ma=86400')])
HTTP Request: POST https://api.openai.com/v1/embeddings "HTTP/1.1 429 Too Many Requests"
receive_response_body.started request=<Request [b'POST']>
receive_response_body.complete
response_closed.started
response_closed.complete
HTTP Response: POST https://api.openai.com/v1/embeddings "429 Too Many Requests" Headers({'date': 'Sun, 15 Feb 2026 07:17:14 GMT', 'content-type': 'application/json; charset=utf-8', 'content-length': '337', 'connection': 'keep-alive', 'vary': 'Origin', 'x-request-id': 'req_069e2ce0d5a6408ea13eb784d1a1bcc7', 'x-openai-proxy-wasm': 'v0.1', 'server': 'cloudflare', 'cf-cache-status': 'DYNAMIC', 'x-content-type-options': 'nosniff', 'strict-transport-security': 'max-age=31536000; includeSubDomains; preload', 'cf-ray': '9ce3063c2dad7fda-MAA', 'alt-svc': 'h3=":443"; ma=86400'})
request_id: req_069e2ce0d5a6408ea13eb784d1a1bcc7
Encountered httpx.HTTPStatusError
Traceback (most recent call last):
  File "C:\Users\sarip\Downloads\fastapi-langgraph-agent-production-ready-template-master\fastapi-langgraph-agent-production-ready-template-master\venv\lib\site-packages\openai\_base_client.py", line 1050, in request
    response.raise_for_status()
  File "C:\Users\sarip\Downloads\fastapi-langgraph-agent-production-ready-template-master\fastapi-langgraph-agent-production-ready-template-master\venv\lib\site-packages\httpx\_models.py", line 829, in raise_for_status
    raise HTTPStatusError(message, request=request, response=self)
httpx.HTTPStatusError: Client error '429 Too Many Requests' for url 'https://api.openai.com/v1/embeddings'
For more information check: https://developer.mozilla.org/en-US/docs/Web/HTTP/Status/429
Retrying due to status code 429
2 retries left
Retrying request to /embeddings in 0.477653 seconds
Request options: {'method': 'post', 'url': '/embeddings', 'files': None, 'idempotency_key': 'stainless-python-retry-27d4d704-4e7b-42ba-a967-8783b245616f', 'post_parser': <function Embeddings.create.<locals>.parser at 0x000001FE64031B40>, 'content': None, 'json_data': {'input': [[3923, 374, 279, 21639, 4947, 30]], 'model': 'text-embedding-ada-002', 'encoding_format': 'base64'}}
Sending HTTP Request: POST https://api.openai.com/v1/embeddings
send_request_headers.started request=<Request [b'POST']>
send_request_headers.complete
send_request_body.started request=<Request [b'POST']>
send_request_body.complete
receive_response_headers.started request=<Request [b'POST']>
receive_response_headers.complete return_value=(b'HTTP/1.1', 429, b'Too Many Requests', [(b'Date', b'Sun, 15 Feb 2026 07:17:15 GMT'), (b'Content-Type', b'application/json; charset=utf-8'), (b'Content-Length', b'337'), (b'Connection', b'keep-alive'), (b'vary', b'Origin'), (b'x-request-id', b'req_7c1af06dc39945eab203b427f97d4aa5'), (b'x-openai-proxy-wasm', b'v0.1'), (b'Server', b'cloudflare'), (b'cf-cache-status', b'DYNAMIC'), (b'X-Content-Type-Options', b'nosniff'), (b'Strict-Transport-Security', b'max-age=31536000; includeSubDomains; preload'), (b'CF-RAY', b'9ce30640696a7fda-MAA'), (b'alt-svc', b'h3=":443"; ma=86400')])
HTTP Request: POST https://api.openai.com/v1/embeddings "HTTP/1.1 429 Too Many Requests"
receive_response_body.started request=<Request [b'POST']>
receive_response_body.complete
response_closed.started
response_closed.complete
HTTP Response: POST https://api.openai.com/v1/embeddings "429 Too Many Requests" Headers({'date': 'Sun, 15 Feb 2026 07:17:15 GMT', 'content-type': 'application/json; charset=utf-8', 'content-length': '337', 'connection': 'keep-alive', 'vary': 'Origin', 'x-request-id': 'req_7c1af06dc39945eab203b427f97d4aa5', 'x-openai-proxy-wasm': 'v0.1', 'server': 'cloudflare', 'cf-cache-status': 'DYNAMIC', 'x-content-type-options': 'nosniff', 'strict-transport-security': 'max-age=31536000; includeSubDomains; preload', 'cf-ray': '9ce30640696a7fda-MAA', 'alt-svc': 'h3=":443"; ma=86400'})
request_id: req_7c1af06dc39945eab203b427f97d4aa5
Encountered httpx.HTTPStatusError
Traceback (most recent call last):
  File "C:\Users\sarip\Downloads\fastapi-langgraph-agent-production-ready-template-master\fastapi-langgraph-agent-production-ready-template-master\venv\lib\site-packages\openai\_base_client.py", line 1050, in request
    response.raise_for_status()
  File "C:\Users\sarip\Downloads\fastapi-langgraph-agent-production-ready-template-master\fastapi-langgraph-agent-production-ready-template-master\venv\lib\site-packages\httpx\_models.py", line 829, in raise_for_status
    raise HTTPStatusError(message, request=request, response=self)
httpx.HTTPStatusError: Client error '429 Too Many Requests' for url 'https://api.openai.com/v1/embeddings'
For more information check: https://developer.mozilla.org/en-US/docs/Web/HTTP/Status/429
Retrying due to status code 429
1 retry left
Retrying request to /embeddings in 0.895628 seconds
Request options: {'method': 'post', 'url': '/embeddings', 'files': None, 'idempotency_key': 'stainless-python-retry-27d4d704-4e7b-42ba-a967-8783b245616f', 'post_parser': <function Embeddings.create.<locals>.parser at 0x000001FE64031B40>, 'content': None, 'json_data': {'input': [[3923, 374, 279, 21639, 4947, 30]], 'model': 'text-embedding-ada-002', 'encoding_format': 'base64'}}
Sending HTTP Request: POST https://api.openai.com/v1/embeddings
send_request_headers.started request=<Request [b'POST']>
send_request_headers.complete
send_request_body.started request=<Request [b'POST']>
send_request_body.complete
receive_response_headers.started request=<Request [b'POST']>
receive_response_headers.complete return_value=(b'HTTP/1.1', 429, b'Too Many Requests', [(b'Date', b'Sun, 15 Feb 2026 07:17:16 GMT'), (b'Content-Type', b'application/json; charset=utf-8'), (b'Content-Length', b'337'), (b'Connection', b'keep-alive'), (b'vary', b'Origin'), (b'x-request-id', b'req_7845c98936574def8acef1df8f1578f0'), (b'x-openai-proxy-wasm', b'v0.1'), (b'Server', b'cloudflare'), (b'cf-cache-status', b'DYNAMIC'), (b'X-Content-Type-Options', b'nosniff'), (b'Strict-Transport-Security', b'max-age=31536000; includeSubDomains; preload'), (b'CF-RAY', b'9ce30647df847fda-MAA'), (b'alt-svc', b'h3=":443"; ma=86400')])
HTTP Request: POST https://api.openai.com/v1/embeddings "HTTP/1.1 429 Too Many Requests"
receive_response_body.started request=<Request [b'POST']>
receive_response_body.complete
response_closed.started
response_closed.complete
HTTP Response: POST https://api.openai.com/v1/embeddings "429 Too Many Requests" Headers({'date': 'Sun, 15 Feb 2026 07:17:16 GMT', 'content-type': 'application/json; charset=utf-8', 'content-length': '337', 'connection': 'keep-alive', 'vary': 'Origin', 'x-request-id': 'req_7845c98936574def8acef1df8f1578f0', 'x-openai-proxy-wasm': 'v0.1', 'server': 'cloudflare', 'cf-cache-status': 'DYNAMIC', 'x-content-type-options': 'nosniff', 'strict-transport-security': 'max-age=31536000; includeSubDomains; preload', 'cf-ray': '9ce30647df847fda-MAA', 'alt-svc': 'h3=":443"; ma=86400'})
request_id: req_7845c98936574def8acef1df8f1578f0
Encountered httpx.HTTPStatusError
Traceback (most recent call last):
  File "C:\Users\sarip\Downloads\fastapi-langgraph-agent-production-ready-template-master\fastapi-langgraph-agent-production-ready-template-master\venv\lib\site-packages\openai\_base_client.py", line 1050, in request
    response.raise_for_status()
  File "C:\Users\sarip\Downloads\fastapi-langgraph-agent-production-ready-template-master\fastapi-langgraph-agent-production-ready-template-master\venv\lib\site-packages\httpx\_models.py", line 829, in raise_for_status
    raise HTTPStatusError(message, request=request, response=self)
httpx.HTTPStatusError: Client error '429 Too Many Requests' for url 'https://api.openai.com/v1/embeddings'
For more information check: https://developer.mozilla.org/en-US/docs/Web/HTTP/Status/429
Re-raising status error
[2m2026-02-15T07:17:16.016238Z[0m [[31m[1merror    [0m] [1mrag_query_failed              [0m [[0m[1m[34mapp.core.logging[0m][0m [36menvironment[0m=[35mdevelopment[0m [36merror[0m=[35m"Error code: 429 - {'error': {'message': 'You exceeded your current quota, please check your plan and billing details. For more information on this error, read the docs: https://platform.openai.com/docs/guides/error-codes/api-errors.', 'type': 'insufficient_quota', 'param': None, 'code': 'insufficient_quota'}}"[0m [36mfilename[0m=[35mrag.py[0m [36mfunc_name[0m=[35mquery[0m [36mlineno[0m=[35m127[0m [36mmodule[0m=[35mrag[0m [36mpathname[0m=[35mC:\Users\sarip\Downloads\fastapi-langgraph-agent-production-ready-template-master\fastapi-langgraph-agent-production-ready-template-master\app\services\rag.py[0m [36mquery[0m=[35m'What is the refund policy?'[0m
Result: Error searching documents: Error code: 429 - {'error': {'message': 'You exceeded your current quota, please check your plan and billing details. For more information on this error, read the docs: https://platform.openai.com/docs/guides/error-codes/api-errors.', 'type': 'insufficient_quota', 'param': None, 'code': 'insufficient_quota'}}
RAG Test Failed
venv\Scripts\python.exe : 
--- Logging error ---
At line:1 char:1
+ venv\Scripts\python.exe 
tests/test_rag_minimal.py > 
test_output.log 2 ...
+ ~~~~~~~~~~~~~~~~~~~~~~~~~~
~~~~~~~~~~~~~~~~~~~~~~~~~~~~
~~~~~~~~~~~~~~~
    + CategoryInfo          
    : NotSpecified: (--- L  
  ogging error ---:String   
 ) [], RemoteException
    + FullyQualifiedErrorId 
    : NativeCommandError
 
Traceback (most recent call 
last):
  File "C:\Users\sarip\Downl
oads\fastapi-langgraph-agent
-production-ready-template-m
aster\fastapi-langgraph-agen
t-production-ready-template-
master\app\core\logging.py",
 line 116, in emit
    with 
open(self.file_path, "a", 
encoding="utf-8") as f:
NameError: name 'open' is 
not defined
Call stack:
  File "C:\Users\sarip\Downl
oads\fastapi-langgraph-agent
-production-ready-template-m
aster\fastapi-langgraph-agen
t-production-ready-template-
master\venv\lib\site-package
s\openai\_base_client.py", 
line 838, in __del__
    self.close()
close.started
  File "C:\Users\sarip\Downl
oads\fastapi-langgraph-agent
-production-ready-template-m
aster\fastapi-langgraph-agen
t-production-ready-template-
master\venv\lib\site-package
s\httpx\_client.py", line 
1270, in close
    self._transport.close()
  File "C:\Users\sarip\Downl
oads\fastapi-langgraph-agent
-production-ready-template-m
aster\fastapi-langgraph-agen
t-production-ready-template-
master\venv\lib\site-package
s\httpx\_transports\default.
py", line 262, in close
    self._pool.close()
  File "C:\Users\sarip\Downl
oads\fastapi-langgraph-agent
-production-ready-template-m
aster\fastapi-langgraph-agen
t-production-ready-template-
master\venv\lib\site-package
s\httpcore\_sync\connection_
pool.py", line 353, in close
    self._close_connections(
closing_connections)
  File "C:\Users\sarip\Downl
oads\fastapi-langgraph-agent
-production-ready-template-m
aster\fastapi-langgraph-agen
t-production-ready-template-
master\venv\lib\site-package
s\httpcore\_sync\connection_
pool.py", line 345, in 
_close_connections
    connection.close()
  File "C:\Users\sarip\Downl
oads\fastapi-langgraph-agent
-production-ready-template-m
aster\fastapi-langgraph-agen
t-production-ready-template-
master\venv\lib\site-package
s\httpcore\_sync\connection.
py", line 172, in close
    with Trace("close", 
logger, None, {}):
  File "C:\Users\sarip\Downl
oads\fastapi-langgraph-agent
-production-ready-template-m
aster\fastapi-langgraph-agen
t-production-ready-template-
master\venv\lib\site-package
s\httpcore\_trace.py", line 
52, in __enter__
    self.trace(f"{self.name}
.started", info)
  File "C:\Users\sarip\Downl
oads\fastapi-langgraph-agent
-production-ready-template-m
aster\fastapi-langgraph-agen
t-production-ready-template-
master\venv\lib\site-package
s\httpcore\_trace.py", line 
47, in trace
    
self.logger.debug(message)
  File "C:\Users\sarip\AppDa
ta\Local\Programs\Python\Pyt
hon310\lib\logging\__init__.
py", line 1465, in debug
    self._log(DEBUG, msg, 
args, **kwargs)
  File "C:\Users\sarip\AppDa
ta\Local\Programs\Python\Pyt
hon310\lib\logging\__init__.
py", line 1624, in _log
    self.handle(record)
  File "C:\Users\sarip\AppDa
ta\Local\Programs\Python\Pyt
hon310\lib\logging\__init__.
py", line 1634, in handle
    
self.callHandlers(record)
  File "C:\Users\sarip\AppDa
ta\Local\Programs\Python\Pyt
hon310\lib\logging\__init__.
py", line 1696, in 
callHandlers
    hdlr.handle(record)
  File "C:\Users\sarip\AppDa
ta\Local\Programs\Python\Pyt
hon310\lib\logging\__init__.
py", line 968, in handle
    self.emit(record)
  File "C:\Users\sarip\Downl
oads\fastapi-langgraph-agent
-production-ready-template-m
aster\fastapi-langgraph-agen
t-production-ready-template-
master\app\core\logging.py",
 line 119, in emit
    self.handleError(record)
Message: 'close.started'
Arguments: ()
--- Logging error ---
Traceback (most recent call 
last):
  File "C:\Users\sarip\Downl
oads\fastapi-langgraph-agent
-production-ready-template-m
aster\fastapi-langgraph-agen
t-production-ready-template-
master\app\core\logging.py",
 line 116, in emit
    with 
open(self.file_path, "a", 
encoding="utf-8") as f:
NameError: name 'open' is 
not defined
Call stack:
  File "C:\Users\sarip\Downl
oads\fastapi-langgraph-agent
-production-ready-template-m
aster\fastapi-langgraph-agen
t-production-ready-template-
master\venv\lib\site-package
s\openai\_base_client.py", 
line 838, in __del__
    self.close()
  File "C:\Users\sarip\Downl
oads\fastapi-langgraph-agent
-production-ready-template-m
aster\fastapi-langgraph-agen
t-production-ready-template-
master\venv\lib\site-package
s\httpx\_client.py", line 
1270, in close
    self._transport.close()
  File "C:\Users\sarip\Downl
oads\fastapi-langgraph-agent
-production-ready-template-m
aster\fastapi-langgraph-agen
t-production-ready-template-
master\venv\lib\site-package
s\httpx\_transports\default.
py", line 262, in close
    self._pool.close()
  File "C:\Users\sarip\Downl
oads\fastapi-langgraph-agent
-production-ready-template-m
aster\fastapi-langgraph-agen
t-production-ready-template-
master\venv\lib\site-package
s\httpcore\_sync\connection_
pool.py", line 353, in close
    self._close_connections(
closing_connections)
  File "C:\Users\sarip\Downl
oads\fastapi-langgraph-agent
-production-ready-template-m
aster\fastapi-langgraph-agen
t-production-ready-template-
master\venv\lib\site-package
s\httpcore\_sync\connection_
pool.py", line 345, in 
_close_connections
    connection.close()
  File "C:\Users\sarip\Downl
oads\fastapi-langgraph-agent
-production-ready-template-m
aster\fastapi-langgraph-agen
t-production-ready-template-
master\venv\lib\site-package
s\httpcore\_sync\connection.
py", line 172, in close
    with Trace("close", 
logger, None, {}):
  File "C:\Users\sarip\Downl
oads\fastapi-langgraph-agent
-production-ready-template-m
aster\fastapi-langgraph-agen
t-production-ready-template-
master\venv\lib\site-package
s\httpcore\_trace.py", line 
64, in __exit__
    self.trace(f"{self.name}
.complete", info)
  File "C:\Users\sarip\Downl
oads\fastapi-langgraph-agent
-production-ready-template-m
aster\fastapi-langgraph-agen
t-production-ready-template-
master\venv\lib\site-package
s\httpcore\_trace.py", line 
47, in trace
    
self.logger.debug(message)
  File "C:\Users\sarip\AppDa
ta\Local\Programs\Python\Pyt
hon310\lib\logging\__init__.
py", line 1465, in debug
    self._log(DEBUG, msg, 
args, **kwargs)
  File "C:\Users\sarip\AppDa
ta\Local\Programs\Python\Pyt
hon310\lib\logging\__init__.
py", line 1624, in _log
    self.handle(record)
  File "C:\Users\sarip\AppDa
ta\Local\Programs\Python\Pyt
hon310\lib\logging\__init__.
py", line 1634, in handle
    
self.callHandlers(record)
  File "C:\Users\sarip\AppDa
ta\Local\Programs\Python\Pyt
hon310\lib\logging\__init__.
py", line 1696, in 
callHandlers
    hdlr.handle(record)
  File "C:\Users\sarip\AppDa
ta\Local\Programs\Python\Pyt
hon310\lib\logging\__init__.
py", line 968, in handle
    self.emit(record)
  File "C:\Users\sarip\Downl
oads\fastapi-langgraph-agent
-production-ready-template-m
aster\fastapi-langgraph-agen
t-production-ready-template-
master\app\core\logging.py",
 line 119, in emit
    self.handleError(record)
Message: 'close.complete'
Arguments: ()
close.complete
